[2026-04-07 17:56:49Z INFO HostContext] No proxy settings were found based on environmental variables (http_proxy/https_proxy/HTTP_PROXY/HTTPS_PROXY)
[2026-04-07 17:56:49Z INFO HostContext] Well known directory 'Bin': 'C:\Users\sjlee\OneDrive\Desktop\오픈소스\actions-runner\bin'
[2026-04-07 17:56:49Z INFO HostContext] Well known directory 'Root': 'C:\Users\sjlee\OneDrive\Desktop\오픈소스\actions-runner'
[2026-04-07 17:56:49Z INFO HostContext] Well known config file 'Credentials': 'C:\Users\sjlee\OneDrive\Desktop\오픈소스\actions-runner\.credentials'
[2026-04-07 17:56:49Z INFO HostContext] Well known directory 'Bin': 'C:\Users\sjlee\OneDrive\Desktop\오픈소스\actions-runner\bin'
[2026-04-07 17:56:49Z INFO HostContext] Well known directory 'Root': 'C:\Users\sjlee\OneDrive\Desktop\오픈소스\actions-runner'
[2026-04-07 17:56:49Z INFO HostContext] Well known config file 'Runner': 'C:\Users\sjlee\OneDrive\Desktop\오픈소스\actions-runner\.runner'
[2026-04-07 17:56:49Z INFO Listener] Runner is built for Windows (X64) - win-x64.
[2026-04-07 17:56:49Z INFO Listener] RuntimeInformation: Microsoft Windows 10.0.26200.
[2026-04-07 17:56:49Z INFO Listener] Version: 2.333.1
[2026-04-07 17:56:49Z INFO Listener] Commit: 6792966801e8925346735b68c03bf9f347af4646
[2026-04-07 17:56:49Z INFO Listener] Culture: ko-KR
[2026-04-07 17:56:49Z INFO Listener] UI Culture: ko-KR
[2026-04-07 17:56:49Z INFO HostContext] Well known directory 'Bin': 'C:\Users\sjlee\OneDrive\Desktop\오픈소스\actions-runner\bin'
[2026-04-07 17:56:49Z INFO HostContext] Well known directory 'Root': 'C:\Users\sjlee\OneDrive\Desktop\오픈소스\actions-runner'
[2026-04-07 17:56:49Z INFO Listener] Validating directory permissions for: 'C:\Users\sjlee\OneDrive\Desktop\오픈소스\actions-runner'
[2026-04-07 17:56:49Z INFO CommandLineParser] Parse
[2026-04-07 17:56:49Z INFO CommandLineParser] Parsing 1 args
[2026-04-07 17:56:49Z INFO CommandLineParser] parsing argument
[2026-04-07 17:56:49Z INFO CommandLineParser] HasArgs: False
[2026-04-07 17:56:49Z INFO CommandLineParser] Adding Command: run
[2026-04-07 17:56:49Z INFO Listener] Arguments parsed
[2026-04-07 17:56:49Z INFO Runner] ExecuteCommand
[2026-04-07 17:56:49Z INFO ConfigurationStore] currentAssemblyLocation: C:\Users\sjlee\OneDrive\Desktop\오픈소스\actions-runner\bin\Runner.Listener.dll
[2026-04-07 17:56:49Z INFO HostContext] Well known directory 'Bin': 'C:\Users\sjlee\OneDrive\Desktop\오픈소스\actions-runner\bin'
[2026-04-07 17:56:49Z INFO ConfigurationStore] binPath: C:\Users\sjlee\OneDrive\Desktop\오픈소스\actions-runner\bin
[2026-04-07 17:56:49Z INFO HostContext] Well known directory 'Bin': 'C:\Users\sjlee\OneDrive\Desktop\오픈소스\actions-runner\bin'
[2026-04-07 17:56:49Z INFO HostContext] Well known directory 'Root': 'C:\Users\sjlee\OneDrive\Desktop\오픈소스\actions-runner'
[2026-04-07 17:56:49Z INFO ConfigurationStore] RootFolder: C:\Users\sjlee\OneDrive\Desktop\오픈소스\actions-runner
[2026-04-07 17:56:49Z INFO HostContext] Well known directory 'Bin': 'C:\Users\sjlee\OneDrive\Desktop\오픈소스\actions-runner\bin'
[2026-04-07 17:56:49Z INFO HostContext] Well known directory 'Root': 'C:\Users\sjlee\OneDrive\Desktop\오픈소스\actions-runner'
[2026-04-07 17:56:49Z INFO HostContext] Well known config file 'Runner': 'C:\Users\sjlee\OneDrive\Desktop\오픈소스\actions-runner\.runner'
[2026-04-07 17:56:49Z INFO ConfigurationStore] ConfigFilePath: C:\Users\sjlee\OneDrive\Desktop\오픈소스\actions-runner\.runner
[2026-04-07 17:56:49Z INFO HostContext] Well known directory 'Bin': 'C:\Users\sjlee\OneDrive\Desktop\오픈소스\actions-runner\bin'
[2026-04-07 17:56:49Z INFO HostContext] Well known directory 'Root': 'C:\Users\sjlee\OneDrive\Desktop\오픈소스\actions-runner'
[2026-04-07 17:56:49Z INFO HostContext] Well known config file 'MigratedRunner': 'C:\Users\sjlee\OneDrive\Desktop\오픈소스\actions-runner\.runner_migrated'
[2026-04-07 17:56:49Z INFO ConfigurationStore] MigratedConfigFilePath: C:\Users\sjlee\OneDrive\Desktop\오픈소스\actions-runner\.runner_migrated
[2026-04-07 17:56:49Z INFO HostContext] Well known directory 'Bin': 'C:\Users\sjlee\OneDrive\Desktop\오픈소스\actions-runner\bin'
[2026-04-07 17:56:49Z INFO HostContext] Well known directory 'Root': 'C:\Users\sjlee\OneDrive\Desktop\오픈소스\actions-runner'
[2026-04-07 17:56:49Z INFO HostContext] Well known config file 'Credentials': 'C:\Users\sjlee\OneDrive\Desktop\오픈소스\actions-runner\.credentials'
[2026-04-07 17:56:49Z INFO ConfigurationStore] CredFilePath: C:\Users\sjlee\OneDrive\Desktop\오픈소스\actions-runner\.credentials
[2026-04-07 17:56:49Z INFO HostContext] Well known directory 'Bin': 'C:\Users\sjlee\OneDrive\Desktop\오픈소스\actions-runner\bin'
[2026-04-07 17:56:49Z INFO HostContext] Well known directory 'Root': 'C:\Users\sjlee\OneDrive\Desktop\오픈소스\actions-runner'
[2026-04-07 17:56:49Z INFO HostContext] Well known config file 'MigratedCredentials': 'C:\Users\sjlee\OneDrive\Desktop\오픈소스\actions-runner\.credentials_migrated'
[2026-04-07 17:56:49Z INFO ConfigurationStore] MigratedCredFilePath: C:\Users\sjlee\OneDrive\Desktop\오픈소스\actions-runner\.credentials_migrated
[2026-04-07 17:56:49Z INFO HostContext] Well known directory 'Bin': 'C:\Users\sjlee\OneDrive\Desktop\오픈소스\actions-runner\bin'
[2026-04-07 17:56:49Z INFO HostContext] Well known directory 'Root': 'C:\Users\sjlee\OneDrive\Desktop\오픈소스\actions-runner'
[2026-04-07 17:56:49Z INFO HostContext] Well known config file 'Service': 'C:\Users\sjlee\OneDrive\Desktop\오픈소스\actions-runner\.service'
[2026-04-07 17:56:49Z INFO ConfigurationStore] ServiceConfigFilePath: C:\Users\sjlee\OneDrive\Desktop\오픈소스\actions-runner\.service
[2026-04-07 17:56:49Z INFO CommandSettings] Flag 'help': 'False'
[2026-04-07 17:56:49Z INFO CommandSettings] Flag 'version': 'False'
[2026-04-07 17:56:49Z INFO CommandSettings] Flag 'commit': 'False'
[2026-04-07 17:56:49Z INFO CommandSettings] Flag 'check': 'False'
[2026-04-07 17:56:49Z INFO CommandSettings] Command 'configure': 'False'
[2026-04-07 17:56:49Z INFO CommandSettings] Command 'remove': 'False'
[2026-04-07 17:56:49Z INFO CommandSettings] Command 'warmup': 'False'
[2026-04-07 17:56:49Z INFO ConfigurationManager] LoadSettings
[2026-04-07 17:56:49Z INFO ConfigurationStore] IsConfigured()
[2026-04-07 17:56:49Z INFO ConfigurationStore] IsConfigured: True
[2026-04-07 17:56:49Z INFO ConfigurationManager] Is configured: True
[2026-04-07 17:56:49Z INFO ConfigurationStore] Read setting file: 387 chars
[2026-04-07 17:56:49Z INFO ConfigurationManager] Settings Loaded
[2026-04-07 17:56:49Z INFO ConfigurationStore] IsServiceConfigured()
[2026-04-07 17:56:49Z INFO ConfigurationStore] IsServiceConfigured: False
[2026-04-07 17:56:49Z INFO CommandSettings] Command 'run': 'True'
[2026-04-07 17:56:49Z INFO ConfigurationStore] IsConfigured()
[2026-04-07 17:56:49Z INFO ConfigurationStore] IsConfigured: True
[2026-04-07 17:56:49Z INFO ConfigurationManager] Is configured: True
[2026-04-07 17:56:49Z INFO Runner] Could not parse the argument value '' for StartupType. Defaulting to Manual
[2026-04-07 17:56:49Z INFO Runner] Set runner startup type - Manual
[2026-04-07 17:56:49Z INFO CommandSettings] Flag 'once': 'False'
[2026-04-07 17:56:49Z INFO CommandSettings] Flag 'once': 'False'
[2026-04-07 17:56:49Z INFO Runner] RunAsync
[2026-04-07 17:56:49Z INFO HostContext] Well known directory 'Bin': 'C:\Users\sjlee\OneDrive\Desktop\오픈소스\actions-runner\bin'
[2026-04-07 17:56:49Z INFO HostContext] Well known directory 'Root': 'C:\Users\sjlee\OneDrive\Desktop\오픈소스\actions-runner'
[2026-04-07 17:56:49Z INFO HostContext] Well known directory 'Work': 'C:\Users\sjlee\OneDrive\Desktop\오픈소스\actions-runner\_work'
[2026-04-07 17:56:49Z INFO Runner] Validating directory permissions for: 'C:\Users\sjlee\OneDrive\Desktop\오픈소스\actions-runner\_work'
[2026-04-07 17:56:49Z INFO ConfigurationManager] LoadMigratedSettings
[2026-04-07 17:56:49Z INFO ConfigurationStore] IsMigratedConfigured()
[2026-04-07 17:56:49Z INFO ConfigurationStore] IsMigratedConfigured: False
[2026-04-07 17:56:49Z INFO Runner] Failed to load migrated settings: No migrated configuration found.
[2026-04-07 17:56:49Z INFO Runner] Falling back to original .runner settings
[2026-04-07 17:56:49Z INFO Runner] Using BrokerMessageListener
[2026-04-07 17:56:49Z INFO BrokerMessageListener] Using provided settings
[2026-04-07 17:56:49Z INFO BrokerMessageListener] {
  "AgentId": 2,
  "AgentName": "SJ_LEE",
  "PoolId": 1,
  "PoolName": "Default",
  "ServerUrl": "https://pipelinesghubeus25.actions.githubusercontent.com/yR5dhGzQsSLSroZkntYqHJ7i2Ax8Pmep2wlsBK01sqrl0xHB9s/",
  "GitHubUrl": "https://github.com/SJLee-03/Homework",
  "WorkFolder": "_work",
  "UseV2Flow": true,
  "ServerUrlV2": "https://broker.actions.githubusercontent.com/"
}
[2026-04-07 17:56:49Z INFO BrokerMessageListener] Loading Credentials
[2026-04-07 17:56:49Z INFO ConfigurationStore] HasCredentials()
[2026-04-07 17:56:49Z INFO ConfigurationStore] stored True
[2026-04-07 17:56:49Z INFO CredentialManager] GetCredentialProvider
[2026-04-07 17:56:49Z INFO CredentialManager] Creating type OAuth
[2026-04-07 17:56:49Z INFO CredentialManager] Creating credential type: OAuth
[2026-04-07 17:56:49Z INFO HostContext] Well known directory 'Bin': 'C:\Users\sjlee\OneDrive\Desktop\오픈소스\actions-runner\bin'
[2026-04-07 17:56:49Z INFO HostContext] Well known directory 'Root': 'C:\Users\sjlee\OneDrive\Desktop\오픈소스\actions-runner'
[2026-04-07 17:56:49Z INFO HostContext] Well known config file 'RSACredentials': 'C:\Users\sjlee\OneDrive\Desktop\오픈소스\actions-runner\.credentials_rsaparams'
[2026-04-07 17:56:49Z INFO RSAEncryptedFileKeyManager] Loading RSA key parameters from file C:\Users\sjlee\OneDrive\Desktop\오픈소스\actions-runner\.credentials_rsaparams
[2026-04-07 17:56:49Z INFO BrokerMessageListener] Attempt to create session.
[2026-04-07 17:56:49Z INFO BrokerMessageListener] Connecting to the Broker Server...
[2026-04-07 17:56:49Z INFO ConfigurationStore] HasCredentials()
[2026-04-07 17:56:49Z INFO ConfigurationStore] stored True
[2026-04-07 17:56:49Z INFO CredentialManager] GetCredentialProvider
[2026-04-07 17:56:49Z INFO CredentialManager] Creating type OAuth
[2026-04-07 17:56:49Z INFO CredentialManager] Creating credential type: OAuth
[2026-04-07 17:56:49Z INFO RSAEncryptedFileKeyManager] Loading RSA key parameters from file C:\Users\sjlee\OneDrive\Desktop\오픈소스\actions-runner\.credentials_rsaparams
[2026-04-07 17:56:49Z INFO BrokerMessageListener] VssConnection created
[2026-04-07 17:56:49Z INFO BrokerMessageListener] Connecting to the Runner server...
[2026-04-07 17:56:49Z INFO RunnerServer] EstablishVssConnection
[2026-04-07 17:56:49Z INFO RunnerServer] Establish connection with 100 seconds timeout.
[2026-04-07 17:56:49Z INFO GitHubActionsService] Starting operation Location.GetConnectionData
[2026-04-07 17:56:49Z INFO RunnerServer] EstablishVssConnection
[2026-04-07 17:56:49Z INFO RunnerServer] Establish connection with 60 seconds timeout.
[2026-04-07 17:56:49Z INFO GitHubActionsService] Starting operation Location.GetConnectionData
[2026-04-07 17:56:49Z INFO RunnerServer] EstablishVssConnection
[2026-04-07 17:56:49Z INFO RunnerServer] Establish connection with 60 seconds timeout.
[2026-04-07 17:56:49Z INFO GitHubActionsService] Starting operation Location.GetConnectionData
[2026-04-07 17:56:50Z INFO GitHubActionsService] Finished operation Location.GetConnectionData
[2026-04-07 17:56:50Z INFO GitHubActionsService] Finished operation Location.GetConnectionData
[2026-04-07 17:56:50Z INFO GitHubActionsService] Finished operation Location.GetConnectionData
[2026-04-07 17:56:50Z INFO BrokerMessageListener] VssConnection created
[2026-04-07 17:56:50Z INFO Terminal] WRITE LINE: 
[2026-04-07 17:56:50Z INFO Terminal] WRITE LINE: 
[2026-04-07 17:56:50Z INFO RSAEncryptedFileKeyManager] Loading RSA key parameters from file C:\Users\sjlee\OneDrive\Desktop\오픈소스\actions-runner\.credentials_rsaparams
[2026-04-07 17:56:50Z INFO RSAEncryptedFileKeyManager] Loading RSA key parameters from file C:\Users\sjlee\OneDrive\Desktop\오픈소스\actions-runner\.credentials_rsaparams
[2026-04-07 17:56:51Z INFO GitHubActionsService] AAD Correlation ID for this token request: Unknown
[2026-04-07 17:56:52Z INFO BrokerMessageListener] Session created.
[2026-04-07 17:56:52Z INFO Terminal] WRITE LINE: Current runner version: '2.333.1'
[2026-04-07 17:56:52Z INFO Terminal] WRITE LINE: 2026-04-07 17:56:52Z: Listening for Jobs
[2026-04-07 17:56:52Z INFO JobDispatcher] Set runner/worker IPC timeout to 30 seconds.
[2026-04-07 18:18:22Z INFO BrokerMessageListener] Acknowledging runner request 'ff440f28-51c6-55cc-a5f6-10f2a253a2ad'.
[2026-04-07 18:18:22Z INFO ConfigurationStore] HasCredentials()
[2026-04-07 18:18:22Z INFO ConfigurationStore] stored True
[2026-04-07 18:18:22Z INFO CredentialManager] GetCredentialProvider
[2026-04-07 18:18:22Z INFO CredentialManager] Creating type OAuth
[2026-04-07 18:18:22Z INFO CredentialManager] Creating credential type: OAuth
[2026-04-07 18:18:22Z INFO RSAEncryptedFileKeyManager] Loading RSA key parameters from file C:\Users\sjlee\OneDrive\Desktop\오픈소스\actions-runner\.credentials_rsaparams
[2026-04-07 18:18:22Z INFO RSAEncryptedFileKeyManager] Loading RSA key parameters from file C:\Users\sjlee\OneDrive\Desktop\오픈소스\actions-runner\.credentials_rsaparams
[2026-04-07 18:18:22Z INFO RSAEncryptedFileKeyManager] Loading RSA key parameters from file C:\Users\sjlee\OneDrive\Desktop\오픈소스\actions-runner\.credentials_rsaparams
[2026-04-07 18:18:23Z INFO GitHubActionsService] AAD Correlation ID for this token request: Unknown
[2026-04-07 18:18:25Z INFO JobDispatcher] Job request 0 for plan 5269f53c-ab01-42f0-973a-f55163b5eed0 job ff440f28-51c6-55cc-a5f6-10f2a253a2ad received.
[2026-04-07 18:18:25Z INFO JobDispatcher] Pull OrchestrationId 5269f53c-ab01-42f0-973a-f55163b5eed0.deploy.__default from JWT claims
[2026-04-07 18:18:25Z INFO BrokerMessageListener] Received job status event. JobState: Busy
[2026-04-07 18:18:25Z INFO BrokerMessageListener] _getMessagesTokenSource is already disposed.
[2026-04-07 18:18:25Z INFO Terminal] WRITE LINE: 2026-04-07 18:18:25Z: Running job: deploy
[2026-04-07 18:18:25Z INFO JobDispatcher] Start renew job request 0 for job ff440f28-51c6-55cc-a5f6-10f2a253a2ad.
[2026-04-07 18:18:25Z INFO JobDispatcher] Successfully renew job ff440f28-51c6-55cc-a5f6-10f2a253a2ad, job is valid till 2026-04-07 오후 6:28:25
[2026-04-07 18:18:25Z INFO HostContext] Well known directory 'Bin': 'C:\Users\sjlee\OneDrive\Desktop\오픈소스\actions-runner\bin'
[2026-04-07 18:18:25Z INFO ProcessInvokerWrapper] Starting process:
[2026-04-07 18:18:25Z INFO ProcessInvokerWrapper]   File name: 'C:\Users\sjlee\OneDrive\Desktop\오픈소스\actions-runner\bin\Runner.Worker.exe'
[2026-04-07 18:18:25Z INFO ProcessInvokerWrapper]   Arguments: 'spawnclient 1652 2224'
[2026-04-07 18:18:25Z INFO ProcessInvokerWrapper]   Working directory: 'C:\Users\sjlee\OneDrive\Desktop\오픈소스\actions-runner\bin'
[2026-04-07 18:18:25Z INFO ProcessInvokerWrapper]   Require exit code zero: 'False'
[2026-04-07 18:18:25Z INFO ProcessInvokerWrapper]   Encoding web name:  ; code page: ''
[2026-04-07 18:18:25Z INFO ProcessInvokerWrapper]   Force kill process on cancellation: 'True'
[2026-04-07 18:18:25Z INFO ProcessInvokerWrapper]   Redirected STDIN: 'False'
[2026-04-07 18:18:25Z INFO ProcessInvokerWrapper]   Persist current code page: 'False'
[2026-04-07 18:18:25Z INFO ProcessInvokerWrapper]   Keep redirected STDIN open: 'False'
[2026-04-07 18:18:25Z INFO ProcessInvokerWrapper]   High priority process: 'True'
[2026-04-07 18:18:26Z INFO ProcessInvokerWrapper] Process started with process id 38336, waiting for process exit.
[2026-04-07 18:18:26Z INFO JobDispatcher] Send job request message to worker for job ff440f28-51c6-55cc-a5f6-10f2a253a2ad.
[2026-04-07 18:18:26Z INFO ProcessChannel] Sending message of length 20690, with hash '8c458da4083b511959f6567cbf927563e78d48adc77a35b76caf0689b9f3a1ef'
[2026-04-07 18:18:26Z INFO JobNotification] Entering JobStarted Notification
[2026-04-07 18:18:26Z INFO JobNotification] Entering StartMonitor
[2026-04-07 18:18:32Z INFO ProcessInvokerWrapper] STDOUT/STDERR stream read finished.
[2026-04-07 18:18:32Z INFO ProcessInvokerWrapper] STDOUT/STDERR stream read finished.
[2026-04-07 18:18:32Z INFO ProcessInvokerWrapper] Finished process 38336 with exit code 102, and elapsed time 00:00:07.1363800.
[2026-04-07 18:18:32Z INFO JobDispatcher] Worker finished for job ff440f28-51c6-55cc-a5f6-10f2a253a2ad. Code: 102
[2026-04-07 18:18:32Z INFO JobDispatcher] finish job request for job ff440f28-51c6-55cc-a5f6-10f2a253a2ad with result: Failed
[2026-04-07 18:18:32Z INFO Terminal] WRITE LINE: 2026-04-07 18:18:32Z: Job deploy completed with result: Failed
[2026-04-07 18:18:32Z INFO JobDispatcher] Stop renew job request for job ff440f28-51c6-55cc-a5f6-10f2a253a2ad.
[2026-04-07 18:18:32Z INFO JobDispatcher] job renew has been cancelled, stop renew job ff440f28-51c6-55cc-a5f6-10f2a253a2ad.
[2026-04-07 18:18:32Z INFO JobNotification] Entering JobCompleted Notification
[2026-04-07 18:18:32Z INFO JobNotification] Entering EndMonitor
[2026-04-07 18:18:32Z INFO BrokerMessageListener] Received job status event. JobState: Online
[2026-04-07 18:18:32Z WARN GitHubActionsService] GET request to https://broker.actions.githubusercontent.com/message?sessionId=9dc79eb1-6b53-42d2-b034-fd082435b91c&status=Busy&runnerVersion=2.333.1&os=Windows&architecture=X64&disableUpdate=false has been cancelled.
[2026-04-07 18:18:32Z ERR  BrokerServer] Catch exception during request
[2026-04-07 18:18:32Z ERR  BrokerServer] System.Threading.Tasks.TaskCanceledException: The operation was canceled.
 ---> System.Threading.Tasks.TaskCanceledException: The operation was canceled.
 ---> System.IO.IOException: Unable to read data from the transport connection: 스레드 종료 또는 응용 프로그램 요청 때문에 I/O 작업이 취소되었습니다..
 ---> System.Net.Sockets.SocketException (995): 스레드 종료 또는 응용 프로그램 요청 때문에 I/O 작업이 취소되었습니다.
   --- End of inner exception stack trace ---
   at System.Net.Sockets.Socket.AwaitableSocketAsyncEventArgs.ThrowException(SocketError error, CancellationToken cancellationToken)
   at System.Net.Sockets.Socket.AwaitableSocketAsyncEventArgs.System.Threading.Tasks.Sources.IValueTaskSource<System.Int32>.GetResult(Int16 token)
   at System.Net.Security.SslStream.EnsureFullTlsFrameAsync[TIOAdapter](CancellationToken cancellationToken, Int32 estimatedSize)
   at System.Runtime.CompilerServices.PoolingAsyncValueTaskMethodBuilder`1.StateMachineBox`1.System.Threading.Tasks.Sources.IValueTaskSource<TResult>.GetResult(Int16 token)
   at System.Net.Security.SslStream.ReadAsyncInternal[TIOAdapter](Memory`1 buffer, CancellationToken cancellationToken)
   at System.Runtime.CompilerServices.PoolingAsyncValueTaskMethodBuilder`1.StateMachineBox`1.System.Threading.Tasks.Sources.IValueTaskSource<TResult>.GetResult(Int16 token)
   at System.Net.Http.HttpConnection.SendAsync(HttpRequestMessage request, Boolean async, CancellationToken cancellationToken)
   --- End of inner exception stack trace ---
   at System.Net.Http.HttpConnection.SendAsync(HttpRequestMessage request, Boolean async, CancellationToken cancellationToken)
   at System.Net.Http.AuthenticationHelper.SendWithNtAuthAsync(HttpRequestMessage request, Uri authUri, Boolean async, ICredentials credentials, Boolean isProxyAuth, HttpConnection connection, HttpConnectionPool connectionPool, CancellationToken cancellationToken)
   at System.Net.Http.HttpConnectionPool.SendWithVersionDetectionAndRetryAsync(HttpRequestMessage request, Boolean async, Boolean doRequestAuth, CancellationToken cancellationToken)
   at System.Net.Http.AuthenticationHelper.SendWithAuthAsync(HttpRequestMessage request, Uri authUri, Boolean async, ICredentials credentials, Boolean preAuthenticate, Boolean isProxyAuth, Boolean doRequestAuth, HttpConnectionPool pool, CancellationToken cancellationToken)
   at System.Net.Http.RedirectHandler.SendAsync(HttpRequestMessage request, Boolean async, CancellationToken cancellationToken)
   at GitHub.Services.Common.RawHttpMessageHandler.SendAsync(HttpRequestMessage request, CancellationToken cancellationToken)
   at GitHub.Services.Common.VssHttpRetryMessageHandler.SendAsync(HttpRequestMessage request, CancellationToken cancellationToken)
   at System.Net.Http.HttpClient.<SendAsync>g__Core|83_0(HttpRequestMessage request, HttpCompletionOption completionOption, CancellationTokenSource cts, Boolean disposeCts, CancellationTokenSource pendingRequestsCts, CancellationToken originalCancellationToken)
   --- End of inner exception stack trace ---
   at System.Net.Http.HttpClient.HandleFailure(Exception e, Boolean telemetryStarted, HttpResponseMessage response, CancellationTokenSource cts, CancellationToken cancellationToken, CancellationTokenSource pendingRequestsCts)
   at System.Net.Http.HttpClient.<SendAsync>g__Core|83_0(HttpRequestMessage request, HttpCompletionOption completionOption, CancellationTokenSource cts, Boolean disposeCts, CancellationTokenSource pendingRequestsCts, CancellationToken originalCancellationToken)
   at Sdk.WebApi.WebApi.RawHttpClientBase.SendAsync(HttpRequestMessage message, HttpCompletionOption completionOption, Object userState, CancellationToken cancellationToken)
   at Sdk.WebApi.WebApi.RawHttpClientBase.SendAsync[T](HttpRequestMessage message, Boolean readErrorBody, Object userState, CancellationToken cancellationToken)
   at Sdk.WebApi.WebApi.RawHttpClientBase.SendAsync[T](HttpMethod method, IEnumerable`1 additionalHeaders, Uri requestUri, HttpContent content, IEnumerable`1 queryParameters, Boolean readErrorBody, Object userState, CancellationToken cancellationToken)
   at GitHub.Actions.RunService.WebApi.BrokerHttpClient.GetRunnerMessageAsync(Nullable`1 sessionId, String runnerVersion, Nullable`1 status, String os, String architecture, Nullable`1 disableUpdate, CancellationToken cancellationToken)
   at GitHub.Runner.Common.BrokerServer.<>c__DisplayClass7_0.<<GetRunnerMessageAsync>b__0>d.MoveNext()
--- End of stack trace from previous location ---
   at GitHub.Runner.Common.RunnerService.RetryRequest[T](Func`1 func, CancellationToken cancellationToken, Int32 maxAttempts, Func`2 shouldRetry)
[2026-04-07 18:18:32Z ERR  BrokerServer] #####################################################
[2026-04-07 18:18:32Z ERR  BrokerServer] System.Threading.Tasks.TaskCanceledException: The operation was canceled.
 ---> System.IO.IOException: Unable to read data from the transport connection: 스레드 종료 또는 응용 프로그램 요청 때문에 I/O 작업이 취소되었습니다..
 ---> System.Net.Sockets.SocketException (995): 스레드 종료 또는 응용 프로그램 요청 때문에 I/O 작업이 취소되었습니다.
   --- End of inner exception stack trace ---
   at System.Net.Sockets.Socket.AwaitableSocketAsyncEventArgs.ThrowException(SocketError error, CancellationToken cancellationToken)
   at System.Net.Sockets.Socket.AwaitableSocketAsyncEventArgs.System.Threading.Tasks.Sources.IValueTaskSource<System.Int32>.GetResult(Int16 token)
   at System.Net.Security.SslStream.EnsureFullTlsFrameAsync[TIOAdapter](CancellationToken cancellationToken, Int32 estimatedSize)
   at System.Runtime.CompilerServices.PoolingAsyncValueTaskMethodBuilder`1.StateMachineBox`1.System.Threading.Tasks.Sources.IValueTaskSource<TResult>.GetResult(Int16 token)
   at System.Net.Security.SslStream.ReadAsyncInternal[TIOAdapter](Memory`1 buffer, CancellationToken cancellationToken)
   at System.Runtime.CompilerServices.PoolingAsyncValueTaskMethodBuilder`1.StateMachineBox`1.System.Threading.Tasks.Sources.IValueTaskSource<TResult>.GetResult(Int16 token)
   at System.Net.Http.HttpConnection.SendAsync(HttpRequestMessage request, Boolean async, CancellationToken cancellationToken)
   --- End of inner exception stack trace ---
   at System.Net.Http.HttpConnection.SendAsync(HttpRequestMessage request, Boolean async, CancellationToken cancellationToken)
   at System.Net.Http.AuthenticationHelper.SendWithNtAuthAsync(HttpRequestMessage request, Uri authUri, Boolean async, ICredentials credentials, Boolean isProxyAuth, HttpConnection connection, HttpConnectionPool connectionPool, CancellationToken cancellationToken)
   at System.Net.Http.HttpConnectionPool.SendWithVersionDetectionAndRetryAsync(HttpRequestMessage request, Boolean async, Boolean doRequestAuth, CancellationToken cancellationToken)
   at System.Net.Http.AuthenticationHelper.SendWithAuthAsync(HttpRequestMessage request, Uri authUri, Boolean async, ICredentials credentials, Boolean preAuthenticate, Boolean isProxyAuth, Boolean doRequestAuth, HttpConnectionPool pool, CancellationToken cancellationToken)
   at System.Net.Http.RedirectHandler.SendAsync(HttpRequestMessage request, Boolean async, CancellationToken cancellationToken)
   at GitHub.Services.Common.RawHttpMessageHandler.SendAsync(HttpRequestMessage request, CancellationToken cancellationToken)
   at GitHub.Services.Common.VssHttpRetryMessageHandler.SendAsync(HttpRequestMessage request, CancellationToken cancellationToken)
   at System.Net.Http.HttpClient.<SendAsync>g__Core|83_0(HttpRequestMessage request, HttpCompletionOption completionOption, CancellationTokenSource cts, Boolean disposeCts, CancellationTokenSource pendingRequestsCts, CancellationToken originalCancellationToken)
[2026-04-07 18:18:32Z ERR  BrokerServer] #####################################################
[2026-04-07 18:18:32Z ERR  BrokerServer] System.IO.IOException: Unable to read data from the transport connection: 스레드 종료 또는 응용 프로그램 요청 때문에 I/O 작업이 취소되었습니다..
 ---> System.Net.Sockets.SocketException (995): 스레드 종료 또는 응용 프로그램 요청 때문에 I/O 작업이 취소되었습니다.
   --- End of inner exception stack trace ---
   at System.Net.Sockets.Socket.AwaitableSocketAsyncEventArgs.ThrowException(SocketError error, CancellationToken cancellationToken)
   at System.Net.Sockets.Socket.AwaitableSocketAsyncEventArgs.System.Threading.Tasks.Sources.IValueTaskSource<System.Int32>.GetResult(Int16 token)
   at System.Net.Security.SslStream.EnsureFullTlsFrameAsync[TIOAdapter](CancellationToken cancellationToken, Int32 estimatedSize)
   at System.Runtime.CompilerServices.PoolingAsyncValueTaskMethodBuilder`1.StateMachineBox`1.System.Threading.Tasks.Sources.IValueTaskSource<TResult>.GetResult(Int16 token)
   at System.Net.Security.SslStream.ReadAsyncInternal[TIOAdapter](Memory`1 buffer, CancellationToken cancellationToken)
   at System.Runtime.CompilerServices.PoolingAsyncValueTaskMethodBuilder`1.StateMachineBox`1.System.Threading.Tasks.Sources.IValueTaskSource<TResult>.GetResult(Int16 token)
   at System.Net.Http.HttpConnection.SendAsync(HttpRequestMessage request, Boolean async, CancellationToken cancellationToken)
[2026-04-07 18:18:32Z ERR  BrokerServer] #####################################################
[2026-04-07 18:18:32Z ERR  BrokerServer] System.Net.Sockets.SocketException (995): 스레드 종료 또는 응용 프로그램 요청 때문에 I/O 작업이 취소되었습니다.
[2026-04-07 18:18:32Z WARN BrokerServer] Back off 7.88 seconds before next retry. 4 attempt left.
[2026-04-07 18:18:32Z INFO BrokerMessageListener] Get messages has been cancelled using local token source. Continue to get messages with new status.
[2026-04-07 18:22:04Z INFO BrokerMessageListener] Acknowledging runner request 'e2b7fe35-c1c6-5e95-861a-11c0dbf34adc'.
[2026-04-07 18:22:04Z INFO ConfigurationStore] HasCredentials()
[2026-04-07 18:22:04Z INFO ConfigurationStore] stored True
[2026-04-07 18:22:04Z INFO CredentialManager] GetCredentialProvider
[2026-04-07 18:22:04Z INFO CredentialManager] Creating type OAuth
[2026-04-07 18:22:04Z INFO CredentialManager] Creating credential type: OAuth
[2026-04-07 18:22:04Z INFO RSAEncryptedFileKeyManager] Loading RSA key parameters from file C:\Users\sjlee\OneDrive\Desktop\오픈소스\actions-runner\.credentials_rsaparams
[2026-04-07 18:22:04Z INFO RSAEncryptedFileKeyManager] Loading RSA key parameters from file C:\Users\sjlee\OneDrive\Desktop\오픈소스\actions-runner\.credentials_rsaparams
[2026-04-07 18:22:04Z INFO RSAEncryptedFileKeyManager] Loading RSA key parameters from file C:\Users\sjlee\OneDrive\Desktop\오픈소스\actions-runner\.credentials_rsaparams
[2026-04-07 18:22:05Z INFO GitHubActionsService] AAD Correlation ID for this token request: Unknown
[2026-04-07 18:22:06Z INFO JobDispatcher] Job request 0 for plan 8b9affef-f3a7-4daf-8075-43d9f536f00c job e2b7fe35-c1c6-5e95-861a-11c0dbf34adc received.
[2026-04-07 18:22:06Z INFO JobDispatcher] Pull OrchestrationId 8b9affef-f3a7-4daf-8075-43d9f536f00c.deploy.__default from JWT claims
[2026-04-07 18:22:06Z INFO BrokerMessageListener] Received job status event. JobState: Busy
[2026-04-07 18:22:06Z INFO BrokerMessageListener] _getMessagesTokenSource is already disposed.
[2026-04-07 18:22:06Z INFO JobDispatcher] Job request ff440f28-51c6-55cc-a5f6-10f2a253a2ad processed succeed.
[2026-04-07 18:22:06Z INFO Terminal] WRITE LINE: 2026-04-07 18:22:06Z: Running job: deploy
[2026-04-07 18:22:06Z INFO JobDispatcher] Start renew job request 0 for job e2b7fe35-c1c6-5e95-861a-11c0dbf34adc.
[2026-04-07 18:22:06Z INFO JobDispatcher] Successfully renew job e2b7fe35-c1c6-5e95-861a-11c0dbf34adc, job is valid till 2026-04-07 오후 6:32:06
[2026-04-07 18:22:06Z INFO HostContext] Well known directory 'Bin': 'C:\Users\sjlee\OneDrive\Desktop\오픈소스\actions-runner\bin'
[2026-04-07 18:22:06Z INFO ProcessInvokerWrapper] Starting process:
[2026-04-07 18:22:06Z INFO ProcessInvokerWrapper]   File name: 'C:\Users\sjlee\OneDrive\Desktop\오픈소스\actions-runner\bin\Runner.Worker.exe'
[2026-04-07 18:22:06Z INFO ProcessInvokerWrapper]   Arguments: 'spawnclient 2428 2216'
[2026-04-07 18:22:06Z INFO ProcessInvokerWrapper]   Working directory: 'C:\Users\sjlee\OneDrive\Desktop\오픈소스\actions-runner\bin'
[2026-04-07 18:22:06Z INFO ProcessInvokerWrapper]   Require exit code zero: 'False'
[2026-04-07 18:22:06Z INFO ProcessInvokerWrapper]   Encoding web name:  ; code page: ''
[2026-04-07 18:22:06Z INFO ProcessInvokerWrapper]   Force kill process on cancellation: 'True'
[2026-04-07 18:22:06Z INFO ProcessInvokerWrapper]   Redirected STDIN: 'False'
[2026-04-07 18:22:06Z INFO ProcessInvokerWrapper]   Persist current code page: 'False'
[2026-04-07 18:22:06Z INFO ProcessInvokerWrapper]   Keep redirected STDIN open: 'False'
[2026-04-07 18:22:06Z INFO ProcessInvokerWrapper]   High priority process: 'True'
[2026-04-07 18:22:07Z INFO ProcessInvokerWrapper] Process started with process id 34244, waiting for process exit.
[2026-04-07 18:22:07Z INFO JobDispatcher] Send job request message to worker for job e2b7fe35-c1c6-5e95-861a-11c0dbf34adc.
[2026-04-07 18:22:07Z INFO ProcessChannel] Sending message of length 20702, with hash '588379f9c61968a25835821eeafe3e571c8eb1f5cd4aaf2ddefadf1ccfb27e0e'
[2026-04-07 18:22:07Z INFO JobNotification] Entering JobStarted Notification
[2026-04-07 18:22:07Z INFO JobNotification] Entering StartMonitor
[2026-04-07 18:22:12Z INFO ProcessInvokerWrapper] STDOUT/STDERR stream read finished.
[2026-04-07 18:22:12Z INFO ProcessInvokerWrapper] STDOUT/STDERR stream read finished.
[2026-04-07 18:22:12Z INFO ProcessInvokerWrapper] Finished process 34244 with exit code 102, and elapsed time 00:00:05.9143802.
[2026-04-07 18:22:12Z INFO JobDispatcher] Worker finished for job e2b7fe35-c1c6-5e95-861a-11c0dbf34adc. Code: 102
[2026-04-07 18:22:12Z INFO JobDispatcher] finish job request for job e2b7fe35-c1c6-5e95-861a-11c0dbf34adc with result: Failed
[2026-04-07 18:22:12Z INFO Terminal] WRITE LINE: 2026-04-07 18:22:12Z: Job deploy completed with result: Failed
[2026-04-07 18:22:12Z INFO JobDispatcher] Stop renew job request for job e2b7fe35-c1c6-5e95-861a-11c0dbf34adc.
[2026-04-07 18:22:12Z INFO JobDispatcher] job renew has been cancelled, stop renew job e2b7fe35-c1c6-5e95-861a-11c0dbf34adc.
[2026-04-07 18:22:12Z INFO JobNotification] Entering JobCompleted Notification
[2026-04-07 18:22:12Z INFO JobNotification] Entering EndMonitor
[2026-04-07 18:22:12Z INFO BrokerMessageListener] Received job status event. JobState: Online
[2026-04-07 18:22:12Z WARN GitHubActionsService] GET request to https://broker.actions.githubusercontent.com/message?sessionId=9dc79eb1-6b53-42d2-b034-fd082435b91c&status=Busy&runnerVersion=2.333.1&os=Windows&architecture=X64&disableUpdate=false has been cancelled.
[2026-04-07 18:22:12Z ERR  BrokerServer] Catch exception during request
[2026-04-07 18:22:12Z ERR  BrokerServer] System.Threading.Tasks.TaskCanceledException: The operation was canceled.
 ---> System.Threading.Tasks.TaskCanceledException: The operation was canceled.
 ---> System.IO.IOException: Unable to read data from the transport connection: 스레드 종료 또는 응용 프로그램 요청 때문에 I/O 작업이 취소되었습니다..
 ---> System.Net.Sockets.SocketException (995): 스레드 종료 또는 응용 프로그램 요청 때문에 I/O 작업이 취소되었습니다.
   --- End of inner exception stack trace ---
   at System.Net.Sockets.Socket.AwaitableSocketAsyncEventArgs.System.Threading.Tasks.Sources.IValueTaskSource<System.Int32>.GetResult(Int16 token)
   at System.Net.Security.SslStream.EnsureFullTlsFrameAsync[TIOAdapter](CancellationToken cancellationToken, Int32 estimatedSize)
   at System.Runtime.CompilerServices.PoolingAsyncValueTaskMethodBuilder`1.StateMachineBox`1.System.Threading.Tasks.Sources.IValueTaskSource<TResult>.GetResult(Int16 token)
   at System.Net.Security.SslStream.ReadAsyncInternal[TIOAdapter](Memory`1 buffer, CancellationToken cancellationToken)
   at System.Runtime.CompilerServices.PoolingAsyncValueTaskMethodBuilder`1.StateMachineBox`1.System.Threading.Tasks.Sources.IValueTaskSource<TResult>.GetResult(Int16 token)
   at System.Net.Http.HttpConnection.SendAsync(HttpRequestMessage request, Boolean async, CancellationToken cancellationToken)
   --- End of inner exception stack trace ---
   at System.Net.Http.HttpConnection.SendAsync(HttpRequestMessage request, Boolean async, CancellationToken cancellationToken)
   at System.Net.Http.AuthenticationHelper.SendWithNtAuthAsync(HttpRequestMessage request, Uri authUri, Boolean async, ICredentials credentials, Boolean isProxyAuth, HttpConnection connection, HttpConnectionPool connectionPool, CancellationToken cancellationToken)
   at System.Net.Http.HttpConnectionPool.SendWithVersionDetectionAndRetryAsync(HttpRequestMessage request, Boolean async, Boolean doRequestAuth, CancellationToken cancellationToken)
   at System.Net.Http.AuthenticationHelper.SendWithAuthAsync(HttpRequestMessage request, Uri authUri, Boolean async, ICredentials credentials, Boolean preAuthenticate, Boolean isProxyAuth, Boolean doRequestAuth, HttpConnectionPool pool, CancellationToken cancellationToken)
   at System.Net.Http.RedirectHandler.SendAsync(HttpRequestMessage request, Boolean async, CancellationToken cancellationToken)
   at GitHub.Services.Common.RawHttpMessageHandler.SendAsync(HttpRequestMessage request, CancellationToken cancellationToken)
   at GitHub.Services.Common.VssHttpRetryMessageHandler.SendAsync(HttpRequestMessage request, CancellationToken cancellationToken)
   at System.Net.Http.HttpClient.<SendAsync>g__Core|83_0(HttpRequestMessage request, HttpCompletionOption completionOption, CancellationTokenSource cts, Boolean disposeCts, CancellationTokenSource pendingRequestsCts, CancellationToken originalCancellationToken)
   --- End of inner exception stack trace ---
   at System.Net.Http.HttpClient.HandleFailure(Exception e, Boolean telemetryStarted, HttpResponseMessage response, CancellationTokenSource cts, CancellationToken cancellationToken, CancellationTokenSource pendingRequestsCts)
   at System.Net.Http.HttpClient.<SendAsync>g__Core|83_0(HttpRequestMessage request, HttpCompletionOption completionOption, CancellationTokenSource cts, Boolean disposeCts, CancellationTokenSource pendingRequestsCts, CancellationToken originalCancellationToken)
   at Sdk.WebApi.WebApi.RawHttpClientBase.SendAsync(HttpRequestMessage message, HttpCompletionOption completionOption, Object userState, CancellationToken cancellationToken)
   at Sdk.WebApi.WebApi.RawHttpClientBase.SendAsync[T](HttpRequestMessage message, Boolean readErrorBody, Object userState, CancellationToken cancellationToken)
   at Sdk.WebApi.WebApi.RawHttpClientBase.SendAsync[T](HttpMethod method, IEnumerable`1 additionalHeaders, Uri requestUri, HttpContent content, IEnumerable`1 queryParameters, Boolean readErrorBody, Object userState, CancellationToken cancellationToken)
   at GitHub.Actions.RunService.WebApi.BrokerHttpClient.GetRunnerMessageAsync(Nullable`1 sessionId, String runnerVersion, Nullable`1 status, String os, String architecture, Nullable`1 disableUpdate, CancellationToken cancellationToken)
   at GitHub.Runner.Common.BrokerServer.<>c__DisplayClass7_0.<<GetRunnerMessageAsync>b__0>d.MoveNext()
--- End of stack trace from previous location ---
   at GitHub.Runner.Common.RunnerService.RetryRequest[T](Func`1 func, CancellationToken cancellationToken, Int32 maxAttempts, Func`2 shouldRetry)
[2026-04-07 18:22:12Z ERR  BrokerServer] #####################################################
[2026-04-07 18:22:12Z ERR  BrokerServer] System.Threading.Tasks.TaskCanceledException: The operation was canceled.
 ---> System.IO.IOException: Unable to read data from the transport connection: 스레드 종료 또는 응용 프로그램 요청 때문에 I/O 작업이 취소되었습니다..
 ---> System.Net.Sockets.SocketException (995): 스레드 종료 또는 응용 프로그램 요청 때문에 I/O 작업이 취소되었습니다.
   --- End of inner exception stack trace ---
   at System.Net.Sockets.Socket.AwaitableSocketAsyncEventArgs.System.Threading.Tasks.Sources.IValueTaskSource<System.Int32>.GetResult(Int16 token)
   at System.Net.Security.SslStream.EnsureFullTlsFrameAsync[TIOAdapter](CancellationToken cancellationToken, Int32 estimatedSize)
   at System.Runtime.CompilerServices.PoolingAsyncValueTaskMethodBuilder`1.StateMachineBox`1.System.Threading.Tasks.Sources.IValueTaskSource<TResult>.GetResult(Int16 token)
   at System.Net.Security.SslStream.ReadAsyncInternal[TIOAdapter](Memory`1 buffer, CancellationToken cancellationToken)
   at System.Runtime.CompilerServices.PoolingAsyncValueTaskMethodBuilder`1.StateMachineBox`1.System.Threading.Tasks.Sources.IValueTaskSource<TResult>.GetResult(Int16 token)
   at System.Net.Http.HttpConnection.SendAsync(HttpRequestMessage request, Boolean async, CancellationToken cancellationToken)
   --- End of inner exception stack trace ---
   at System.Net.Http.HttpConnection.SendAsync(HttpRequestMessage request, Boolean async, CancellationToken cancellationToken)
   at System.Net.Http.AuthenticationHelper.SendWithNtAuthAsync(HttpRequestMessage request, Uri authUri, Boolean async, ICredentials credentials, Boolean isProxyAuth, HttpConnection connection, HttpConnectionPool connectionPool, CancellationToken cancellationToken)
   at System.Net.Http.HttpConnectionPool.SendWithVersionDetectionAndRetryAsync(HttpRequestMessage request, Boolean async, Boolean doRequestAuth, CancellationToken cancellationToken)
   at System.Net.Http.AuthenticationHelper.SendWithAuthAsync(HttpRequestMessage request, Uri authUri, Boolean async, ICredentials credentials, Boolean preAuthenticate, Boolean isProxyAuth, Boolean doRequestAuth, HttpConnectionPool pool, CancellationToken cancellationToken)
   at System.Net.Http.RedirectHandler.SendAsync(HttpRequestMessage request, Boolean async, CancellationToken cancellationToken)
   at GitHub.Services.Common.RawHttpMessageHandler.SendAsync(HttpRequestMessage request, CancellationToken cancellationToken)
   at GitHub.Services.Common.VssHttpRetryMessageHandler.SendAsync(HttpRequestMessage request, CancellationToken cancellationToken)
   at System.Net.Http.HttpClient.<SendAsync>g__Core|83_0(HttpRequestMessage request, HttpCompletionOption completionOption, CancellationTokenSource cts, Boolean disposeCts, CancellationTokenSource pendingRequestsCts, CancellationToken originalCancellationToken)
[2026-04-07 18:22:12Z ERR  BrokerServer] #####################################################
[2026-04-07 18:22:12Z ERR  BrokerServer] System.IO.IOException: Unable to read data from the transport connection: 스레드 종료 또는 응용 프로그램 요청 때문에 I/O 작업이 취소되었습니다..
 ---> System.Net.Sockets.SocketException (995): 스레드 종료 또는 응용 프로그램 요청 때문에 I/O 작업이 취소되었습니다.
   --- End of inner exception stack trace ---
   at System.Net.Sockets.Socket.AwaitableSocketAsyncEventArgs.System.Threading.Tasks.Sources.IValueTaskSource<System.Int32>.GetResult(Int16 token)
   at System.Net.Security.SslStream.EnsureFullTlsFrameAsync[TIOAdapter](CancellationToken cancellationToken, Int32 estimatedSize)
   at System.Runtime.CompilerServices.PoolingAsyncValueTaskMethodBuilder`1.StateMachineBox`1.System.Threading.Tasks.Sources.IValueTaskSource<TResult>.GetResult(Int16 token)
   at System.Net.Security.SslStream.ReadAsyncInternal[TIOAdapter](Memory`1 buffer, CancellationToken cancellationToken)
   at System.Runtime.CompilerServices.PoolingAsyncValueTaskMethodBuilder`1.StateMachineBox`1.System.Threading.Tasks.Sources.IValueTaskSource<TResult>.GetResult(Int16 token)
   at System.Net.Http.HttpConnection.SendAsync(HttpRequestMessage request, Boolean async, CancellationToken cancellationToken)
[2026-04-07 18:22:12Z ERR  BrokerServer] #####################################################
[2026-04-07 18:22:12Z ERR  BrokerServer] System.Net.Sockets.SocketException (995): 스레드 종료 또는 응용 프로그램 요청 때문에 I/O 작업이 취소되었습니다.
[2026-04-07 18:22:12Z WARN BrokerServer] Back off 9.396 seconds before next retry. 4 attempt left.
[2026-04-07 18:22:12Z INFO BrokerMessageListener] Get messages has been cancelled using local token source. Continue to get messages with new status.
[2026-04-07 18:26:16Z INFO HostContext] Runner will be shutdown for UserCancelled
[2026-04-07 18:26:16Z WARN GitHubActionsService] GET request to https://broker.actions.githubusercontent.com/message?sessionId=9dc79eb1-6b53-42d2-b034-fd082435b91c&status=Online&runnerVersion=2.333.1&os=Windows&architecture=X64&disableUpdate=false has been cancelled.
[2026-04-07 18:26:16Z ERR  BrokerServer] Catch exception during request
[2026-04-07 18:26:16Z ERR  BrokerServer] System.Threading.Tasks.TaskCanceledException: The operation was canceled.
 ---> System.Threading.Tasks.TaskCanceledException: The operation was canceled.
 ---> System.IO.IOException: Unable to read data from the transport connection: 스레드 종료 또는 응용 프로그램 요청 때문에 I/O 작업이 취소되었습니다..
 ---> System.Net.Sockets.SocketException (995): 스레드 종료 또는 응용 프로그램 요청 때문에 I/O 작업이 취소되었습니다.
   --- End of inner exception stack trace ---
   at System.Net.Sockets.Socket.AwaitableSocketAsyncEventArgs.System.Threading.Tasks.Sources.IValueTaskSource<System.Int32>.GetResult(Int16 token)
   at System.Net.Security.SslStream.EnsureFullTlsFrameAsync[TIOAdapter](CancellationToken cancellationToken, Int32 estimatedSize)
   at System.Runtime.CompilerServices.PoolingAsyncValueTaskMethodBuilder`1.StateMachineBox`1.System.Threading.Tasks.Sources.IValueTaskSource<TResult>.GetResult(Int16 token)
   at System.Net.Security.SslStream.ReadAsyncInternal[TIOAdapter](Memory`1 buffer, CancellationToken cancellationToken)
   at System.Runtime.CompilerServices.PoolingAsyncValueTaskMethodBuilder`1.StateMachineBox`1.System.Threading.Tasks.Sources.IValueTaskSource<TResult>.GetResult(Int16 token)
   at System.Net.Http.HttpConnection.SendAsync(HttpRequestMessage request, Boolean async, CancellationToken cancellationToken)
   --- End of inner exception stack trace ---
   at System.Net.Http.HttpConnection.SendAsync(HttpRequestMessage request, Boolean async, CancellationToken cancellationToken)
   at System.Net.Http.AuthenticationHelper.SendWithNtAuthAsync(HttpRequestMessage request, Uri authUri, Boolean async, ICredentials credentials, Boolean isProxyAuth, HttpConnection connection, HttpConnectionPool connectionPool, CancellationToken cancellationToken)
   at System.Net.Http.HttpConnectionPool.SendWithVersionDetectionAndRetryAsync(HttpRequestMessage request, Boolean async, Boolean doRequestAuth, CancellationToken cancellationToken)
   at System.Net.Http.AuthenticationHelper.SendWithAuthAsync(HttpRequestMessage request, Uri authUri, Boolean async, ICredentials credentials, Boolean preAuthenticate, Boolean isProxyAuth, Boolean doRequestAuth, HttpConnectionPool pool, CancellationToken cancellationToken)
   at System.Net.Http.RedirectHandler.SendAsync(HttpRequestMessage request, Boolean async, CancellationToken cancellationToken)
   at GitHub.Services.Common.RawHttpMessageHandler.SendAsync(HttpRequestMessage request, CancellationToken cancellationToken)
   at GitHub.Services.Common.VssHttpRetryMessageHandler.SendAsync(HttpRequestMessage request, CancellationToken cancellationToken)
   at System.Net.Http.HttpClient.<SendAsync>g__Core|83_0(HttpRequestMessage request, HttpCompletionOption completionOption, CancellationTokenSource cts, Boolean disposeCts, CancellationTokenSource pendingRequestsCts, CancellationToken originalCancellationToken)
   --- End of inner exception stack trace ---
   at System.Net.Http.HttpClient.HandleFailure(Exception e, Boolean telemetryStarted, HttpResponseMessage response, CancellationTokenSource cts, CancellationToken cancellationToken, CancellationTokenSource pendingRequestsCts)
   at System.Net.Http.HttpClient.<SendAsync>g__Core|83_0(HttpRequestMessage request, HttpCompletionOption completionOption, CancellationTokenSource cts, Boolean disposeCts, CancellationTokenSource pendingRequestsCts, CancellationToken originalCancellationToken)
   at Sdk.WebApi.WebApi.RawHttpClientBase.SendAsync(HttpRequestMessage message, HttpCompletionOption completionOption, Object userState, CancellationToken cancellationToken)
   at Sdk.WebApi.WebApi.RawHttpClientBase.SendAsync[T](HttpRequestMessage message, Boolean readErrorBody, Object userState, CancellationToken cancellationToken)
   at Sdk.WebApi.WebApi.RawHttpClientBase.SendAsync[T](HttpMethod method, IEnumerable`1 additionalHeaders, Uri requestUri, HttpContent content, IEnumerable`1 queryParameters, Boolean readErrorBody, Object userState, CancellationToken cancellationToken)
   at GitHub.Actions.RunService.WebApi.BrokerHttpClient.GetRunnerMessageAsync(Nullable`1 sessionId, String runnerVersion, Nullable`1 status, String os, String architecture, Nullable`1 disableUpdate, CancellationToken cancellationToken)
   at GitHub.Runner.Common.BrokerServer.<>c__DisplayClass7_0.<<GetRunnerMessageAsync>b__0>d.MoveNext()
--- End of stack trace from previous location ---
   at GitHub.Runner.Common.RunnerService.RetryRequest[T](Func`1 func, CancellationToken cancellationToken, Int32 maxAttempts, Func`2 shouldRetry)
[2026-04-07 18:26:16Z ERR  BrokerServer] #####################################################
[2026-04-07 18:26:16Z ERR  BrokerServer] System.Threading.Tasks.TaskCanceledException: The operation was canceled.
 ---> System.IO.IOException: Unable to read data from the transport connection: 스레드 종료 또는 응용 프로그램 요청 때문에 I/O 작업이 취소되었습니다..
 ---> System.Net.Sockets.SocketException (995): 스레드 종료 또는 응용 프로그램 요청 때문에 I/O 작업이 취소되었습니다.
   --- End of inner exception stack trace ---
   at System.Net.Sockets.Socket.AwaitableSocketAsyncEventArgs.System.Threading.Tasks.Sources.IValueTaskSource<System.Int32>.GetResult(Int16 token)
   at System.Net.Security.SslStream.EnsureFullTlsFrameAsync[TIOAdapter](CancellationToken cancellationToken, Int32 estimatedSize)
   at System.Runtime.CompilerServices.PoolingAsyncValueTaskMethodBuilder`1.StateMachineBox`1.System.Threading.Tasks.Sources.IValueTaskSource<TResult>.GetResult(Int16 token)
   at System.Net.Security.SslStream.ReadAsyncInternal[TIOAdapter](Memory`1 buffer, CancellationToken cancellationToken)
   at System.Runtime.CompilerServices.PoolingAsyncValueTaskMethodBuilder`1.StateMachineBox`1.System.Threading.Tasks.Sources.IValueTaskSource<TResult>.GetResult(Int16 token)
   at System.Net.Http.HttpConnection.SendAsync(HttpRequestMessage request, Boolean async, CancellationToken cancellationToken)
   --- End of inner exception stack trace ---
   at System.Net.Http.HttpConnection.SendAsync(HttpRequestMessage request, Boolean async, CancellationToken cancellationToken)
   at System.Net.Http.AuthenticationHelper.SendWithNtAuthAsync(HttpRequestMessage request, Uri authUri, Boolean async, ICredentials credentials, Boolean isProxyAuth, HttpConnection connection, HttpConnectionPool connectionPool, CancellationToken cancellationToken)
   at System.Net.Http.HttpConnectionPool.SendWithVersionDetectionAndRetryAsync(HttpRequestMessage request, Boolean async, Boolean doRequestAuth, CancellationToken cancellationToken)
   at System.Net.Http.AuthenticationHelper.SendWithAuthAsync(HttpRequestMessage request, Uri authUri, Boolean async, ICredentials credentials, Boolean preAuthenticate, Boolean isProxyAuth, Boolean doRequestAuth, HttpConnectionPool pool, CancellationToken cancellationToken)
   at System.Net.Http.RedirectHandler.SendAsync(HttpRequestMessage request, Boolean async, CancellationToken cancellationToken)
   at GitHub.Services.Common.RawHttpMessageHandler.SendAsync(HttpRequestMessage request, CancellationToken cancellationToken)
   at GitHub.Services.Common.VssHttpRetryMessageHandler.SendAsync(HttpRequestMessage request, CancellationToken cancellationToken)
   at System.Net.Http.HttpClient.<SendAsync>g__Core|83_0(HttpRequestMessage request, HttpCompletionOption completionOption, CancellationTokenSource cts, Boolean disposeCts, CancellationTokenSource pendingRequestsCts, CancellationToken originalCancellationToken)
[2026-04-07 18:26:16Z ERR  BrokerServer] #####################################################
[2026-04-07 18:26:16Z ERR  BrokerServer] System.IO.IOException: Unable to read data from the transport connection: 스레드 종료 또는 응용 프로그램 요청 때문에 I/O 작업이 취소되었습니다..
 ---> System.Net.Sockets.SocketException (995): 스레드 종료 또는 응용 프로그램 요청 때문에 I/O 작업이 취소되었습니다.
   --- End of inner exception stack trace ---
   at System.Net.Sockets.Socket.AwaitableSocketAsyncEventArgs.System.Threading.Tasks.Sources.IValueTaskSource<System.Int32>.GetResult(Int16 token)
   at System.Net.Security.SslStream.EnsureFullTlsFrameAsync[TIOAdapter](CancellationToken cancellationToken, Int32 estimatedSize)
   at System.Runtime.CompilerServices.PoolingAsyncValueTaskMethodBuilder`1.StateMachineBox`1.System.Threading.Tasks.Sources.IValueTaskSource<TResult>.GetResult(Int16 token)
   at System.Net.Security.SslStream.ReadAsyncInternal[TIOAdapter](Memory`1 buffer, CancellationToken cancellationToken)
   at System.Runtime.CompilerServices.PoolingAsyncValueTaskMethodBuilder`1.StateMachineBox`1.System.Threading.Tasks.Sources.IValueTaskSource<TResult>.GetResult(Int16 token)
   at System.Net.Http.HttpConnection.SendAsync(HttpRequestMessage request, Boolean async, CancellationToken cancellationToken)
[2026-04-07 18:26:16Z ERR  BrokerServer] #####################################################
[2026-04-07 18:26:16Z ERR  BrokerServer] System.Net.Sockets.SocketException (995): 스레드 종료 또는 응용 프로그램 요청 때문에 I/O 작업이 취소되었습니다.
[2026-04-07 18:26:16Z WARN BrokerServer] Back off 13.247 seconds before next retry. 4 attempt left.
[2026-04-07 18:26:16Z INFO BrokerMessageListener] Get next message has been cancelled.
[2026-04-07 18:26:16Z INFO JobDispatcher] Shutting down JobDispatcher. Make sure all WorkerDispatcher has finished.
[2026-04-07 18:26:16Z INFO JobDispatcher] Ensure WorkerDispatcher for job e2b7fe35-c1c6-5e95-861a-11c0dbf34adc run to finish, cancel any running job.
[2026-04-07 18:26:16Z INFO JobDispatcher] Job request e2b7fe35-c1c6-5e95-861a-11c0dbf34adc processed succeed.
[2026-04-07 18:26:16Z INFO Runner] Deleting Runner Session...
